> Task :compileJava UP-TO-DATE
> Task :processResources UP-TO-DATE
> Task :classes UP-TO-DATE
> Task :compileTestJava UP-TO-DATE
> Task :processTestResources NO-SOURCE
> Task :testClasses UP-TO-DATE

> Task :test

BadmintonShopApplicationTests > contextLoads() FAILED
    java.lang.IllegalStateException at DefaultCacheAwareContextLoaderDelegate.java:180
        Caused by: org.springframework.beans.factory.BeanCreationException at AbstractAutowireCapableBeanFactory.java:1812
            Caused by: org.springframework.beans.factory.BeanCreationException at ConstructorResolver.java:657
                Caused by: org.springframework.beans.BeanInstantiationException at SimpleInstantiationStrategy.java:199
                    Caused by: software.amazon.awssdk.core.exception.SdkClientException at SdkClientException.java:111

.\gradlew.bat : Java HotSpot(TM) 64-Bit 
Server VM warning: Sharing is only supported 
for boot loader classes because bootstrap 
classpath has been appended
At line:1 char:1
+ .\gradlew.bat test > test_output.txt 2>&1
+ ~~~~~~~~~~~~~~~~~~~~~~~~~~~~~~~~~~~~~~~~~
    + CategoryInfo          : NotSpecified:  
   (Java HotSpot(TM...s been appended:Strin  
  g) [], RemoteException
    + FullyQualifiedErrorId : NativeCommandE 
   rror
 

> Task :test

ProductServiceImplTest > createProduct_ShouldSaveAndPublishUpsertEvent() FAILED
    java.lang.NullPointerException at ProductServiceImplTest.java:82

ProductServiceImplTest > getNewestProducts_ShouldUseDefaultLowerBoundLimit() FAILED
    java.lang.NullPointerException at ProductServiceImplTest.java:159

ProductServiceImplTest > getFeaturedProducts_ShouldUseSafeLimitAndMapResponse() FAILED
    java.lang.NullPointerException at ProductServiceImplTest.java:142

70 tests completed, 4 failed

> Task :test FAILED

FAILURE: Build failed with an exception.

* What went wrong:
Execution failed for task ':test'.
> There were failing tests. See the report 
at: file:///D:/TLTN/BE/BadmintonShop/build/re
ports/tests/test/index.html

* Try:
> Run with --scan to get full insights from 
a Build Scan (powered by Develocity).

BUILD FAILED in 15s
4 actionable tasks: 1 executed, 3 up-to-date
